-- Copyright (c) 2017-2021 VMware, Inc. or its affiliates
-- SPDX-License-Identifier: Apache-2.0

-- Test to ensure that AOCO tables with multiple segfiles can be upgraded
-- successfully. Multiple sessions are utilized to create multiple segfiles.

--------------------------------------------------------------------------------
-- Create and setup upgradeable objects
--------------------------------------------------------------------------------
CREATE TABLE aoco_users (id integer, name text) WITH (appendonly=true, orientation=column) DISTRIBUTED BY (id);
CREATE
1:BEGIN;
BEGIN
1:INSERT INTO aoco_users VALUES (1, 'Jane');
INSERT 1
1:INSERT INTO aoco_users VALUES (2, 'John');
INSERT 1

2:BEGIN;
BEGIN
2:INSERT INTO aoco_users VALUES (3, 'Joe');
INSERT 1

1:END;
END
2:END;
END
