-- Copyright (c) 2017-2021 VMware, Inc. or its affiliates
-- SPDX-License-Identifier: Apache-2.0

-- Miscellaneous tests checking upgradeability of AO and AOCO partition tables.

--------------------------------------------------------------------------------
-- Create and setup upgradeable objects
--------------------------------------------------------------------------------

-- 1. AO partition table with multiple segfiles and deleted tuples.
CREATE TABLE p_ao_table_with_multiple_segfiles (id int, name text) WITH (appendonly=true) DISTRIBUTED BY (id) PARTITION BY RANGE (id) SUBPARTITION BY LIST (name) SUBPARTITION TEMPLATE ( SUBPARTITION jane VALUES ('Jane'), SUBPARTITION john VALUES ('John'), DEFAULT SUBPARTITION other_names ) (START (1) END (2) EVERY (1), DEFAULT PARTITION other_ids);
CREATE

-- Use multiple sessions to create multiple segfiles
1:BEGIN;
BEGIN
1:INSERT INTO p_ao_table_with_multiple_segfiles VALUES (1, 'Jane');
INSERT 1
1:INSERT INTO p_ao_table_with_multiple_segfiles VALUES (2, 'Jane');
INSERT 1

2:BEGIN;
BEGIN
2:INSERT INTO p_ao_table_with_multiple_segfiles VALUES (1, 'Jane');
INSERT 1
2:INSERT INTO p_ao_table_with_multiple_segfiles VALUES (2, 'Jane');
INSERT 1
2:INSERT INTO p_ao_table_with_multiple_segfiles VALUES (4, 'Andy');
INSERT 1

1:END;
END
2:END;
END

UPDATE p_ao_table_with_multiple_segfiles SET name='Carolyn' WHERE name='Andy';
UPDATE 1
INSERT INTO p_ao_table_with_multiple_segfiles VALUES (5, 'Bob');
INSERT 1
DELETE FROM p_ao_table_with_multiple_segfiles WHERE id=5;
DELETE 1

-- 2. AOCO partition table with multiple segfiles and deleted tuples.
CREATE TABLE p_aoco_table_with_multiple_segfiles (id int, name text) WITH (appendonly=true, orientation=column) DISTRIBUTED BY (id) PARTITION BY RANGE (id) SUBPARTITION BY LIST (name) SUBPARTITION TEMPLATE ( SUBPARTITION jane VALUES ('Jane'), SUBPARTITION john VALUES ('John'), DEFAULT SUBPARTITION other_names ) (START (1) END (2) EVERY (1), DEFAULT PARTITION other_ids);
CREATE

-- Use multiple sessions to create multiple segfiles
1:BEGIN;
BEGIN
1:INSERT INTO p_aoco_table_with_multiple_segfiles VALUES (1, 'Jane');
INSERT 1
1:INSERT INTO p_aoco_table_with_multiple_segfiles VALUES (2, 'Jane');
INSERT 1

2:BEGIN;
BEGIN
2:INSERT INTO p_aoco_table_with_multiple_segfiles VALUES (1, 'Jane');
INSERT 1
2:INSERT INTO p_aoco_table_with_multiple_segfiles VALUES (2, 'Jane');
INSERT 1
2:INSERT INTO p_aoco_table_with_multiple_segfiles VALUES (4, 'Andy');
INSERT 1

1:END;
END
2:END;
END

UPDATE p_aoco_table_with_multiple_segfiles SET name='Carolyn' WHERE name='Andy';
UPDATE 1
INSERT INTO p_aoco_table_with_multiple_segfiles VALUES (5, 'Bob');
INSERT 1
DELETE FROM p_aoco_table_with_multiple_segfiles WHERE id=5;
DELETE 1
