-- Copyright (c) 2017-2021 VMware, Inc. or its affiliates
-- SPDX-License-Identifier: Apache-2.0

-- Test to ensure that multiple flavors of partitioned heap tables can be
-- upgraded.

--------------------------------------------------------------------------------
-- Create and setup upgradeable objects
--------------------------------------------------------------------------------

--
-- partitioned heap table with data
--
CREATE TABLE p_basic (id INTEGER, name TEXT) DISTRIBUTED BY (id) PARTITION BY RANGE(id) (START(1) END(3) EVERY(1));
CREATE
INSERT INTO p_basic VALUES (1, 'Jane');
INSERT 1
INSERT INTO p_basic VALUES (2, 'John');
INSERT 1

--
-- range partitioned heap table and add partitions with data
--
CREATE TABLE p_add_partition_test (a INT, b INT) PARTITION BY RANGE(B) (START(1) END(2));
CREATE
INSERT INTO p_add_partition_test VALUES (1, 1);
INSERT 1
INSERT INTO p_add_partition_test VALUES (2, 1);
INSERT 1
-- add partition with a specific name
ALTER TABLE p_add_partition_test ADD PARTITION ADDED_PART START(2) END(3);
ALTER
INSERT INTO p_add_partition_test VALUES (1, 2);
INSERT 1
-- add partition with default name
ALTER TABLE p_add_partition_test ADD PARTITION START(3) END(4);
ALTER
INSERT INTO p_add_partition_test VALUES (1, 3);
INSERT 1

--
-- list partitioned heap table with add partitions with data
--
CREATE TABLE p_add_list_partition_test (a INT, b INT) PARTITION BY LIST(b) (PARTITION one VALUES (1));
CREATE
INSERT INTO p_add_list_partition_test VALUES (1, 1);
INSERT 1
INSERT INTO p_add_list_partition_test VALUES (2, 1);
INSERT 1
-- add partition with a specific name
ALTER TABLE p_add_list_partition_test ADD PARTITION added_part VALUES(2);
ALTER
INSERT INTO p_add_list_partition_test VALUES (1, 2);
INSERT 1
-- add partition with default name
ALTER TABLE p_add_list_partition_test ADD PARTITION VALUES(3);
ALTER
INSERT INTO p_add_list_partition_test VALUES (1, 3);
INSERT 1

--
-- range partitioned heap table with default partition
--
CREATE TABLE p_split_partition_test (a INT, b INT) PARTITION BY RANGE(b) (START(1) END(2), DEFAULT PARTITION extra);
CREATE
INSERT INTO p_split_partition_test SELECT i, i FROM generate_series(1,5)i;
INSERT 5
ALTER TABLE p_split_partition_test SPLIT DEFAULT PARTITION START(2) END(5) INTO (PARTITION splitted, PARTITION extra);
ALTER

--
-- partition heap table with sub-partitions
--
CREATE TABLE p_subpart_heap (id int, age int) DISTRIBUTED BY (id) PARTITION BY RANGE (id) SUBPARTITION BY RANGE (age) (PARTITION partition_id START(1) END(3) ( SUBPARTITION subpartition_age_first START(1) END(20), SUBPARTITION subpartition_age_second START(20) END(30) ));
CREATE
INSERT INTO p_subpart_heap (id, age) VALUES (1, 10), (2, 20);
INSERT 2
VACUUM FREEZE;
VACUUM


--
-- partitioned table with a dropped and newly added column
--
CREATE TABLE p_dropcol (a int, b int, c int, d numeric) DISTRIBUTED BY (a) PARTITION BY RANGE(c) SUBPARTITION BY range(d) (PARTITION mama START(0) END(42) (SUBPARTITION chica START(0) END(42)));
CREATE
INSERT INTO p_dropcol SELECT i, i, i, i FROM generate_series(1, 10)i;
INSERT 10
ALTER TABLE p_dropcol DROP COLUMN b;
ALTER
ALTER TABLE p_dropcol ADD COLUMN e int;
ALTER
INSERT INTO p_dropcol SELECT i, i, i, i FROM generate_series(10, 20)i;
INSERT 11
