-- Copyright (c) 2017-2021 VMware, Inc. or its affiliates
-- SPDX-License-Identifier: Apache-2.0

--------------------------------------------------------------------------------
-- Validate that the upgradeable objects are functional post-upgrade
--------------------------------------------------------------------------------

SELECT * FROM p_basic;
 id | name 
----+------
 1  | Jane 
 2  | John 
(2 rows)

SELECT * FROM p_add_partition_test;
 a | b 
---+---
 1 | 1 
 2 | 1 
 1 | 2 
 1 | 3 
(4 rows)

SELECT * FROM p_add_list_partition_test;
 a | b 
---+---
 1 | 1 
 2 | 1 
 1 | 2 
 1 | 3 
(4 rows)

SELECT * FROM p_split_partition_test;
 a | b 
---+---
 1 | 1 
 2 | 2 
 3 | 3 
 4 | 4 
 5 | 5 
(5 rows)

SELECT id, age FROM p_subpart_heap_1_prt_partition_id_2_prt_subpartition_age_first;
 id | age 
----+-----
 1  | 10  
(1 row)
SELECT id, age FROM p_subpart_heap_1_prt_partition_id_2_prt_subpartition_age_second;
 id | age 
----+-----
 2  | 20  
(1 row)
SELECT id, age FROM p_subpart_heap;
 id | age 
----+-----
 1  | 10  
 2  | 20  
(2 rows)

SELECT c, d FROM p_dropcol WHERE a=10;
 c  | d  
----+----
 10 | 10 
 10 | 10 
(2 rows)
