-- Copyright (c) 2017-2021 VMware, Inc. or its affiliates
-- SPDX-License-Identifier: Apache-2.0

--------------------------------------------------------------------------------
-- Validate that the upgradeable objects are functional post-upgrade
--------------------------------------------------------------------------------
SELECT 1 FROM lag_view;
 ?column? 
----------
 1        
(1 row)
SELECT 1 FROM lead_view;
 ?column? 
----------
 1        
(1 row)
